// Jest Snapshot v1, https://goo.gl/fbAQLP

exports[`WeatherForecast renders correctly compare snapshots 1`] = `
<div>
  <div
    class="flex flex-col"
  >
    <div>
      Name: 
      London
    </div>
    <div>
      Country: 
      United Kingdom
    </div>
    <div>
      Region: 
      City of London, Greater London
    </div>
    <div>
      Timezone: 
      Europe/London
    </div>
    <div>
      Local time: 
      2022-10-24 8:47
    </div>
  </div>
  <div
    class="flex flex-row gap-4"
  >
    <div
      class="MuiPaper-root MuiPaper-elevation MuiPaper-rounded MuiPaper-elevation1 MuiCard-root grow css-1ri6ub7-MuiPaper-root-MuiCard-root"
    >
      <button
        class="MuiButtonBase-root MuiCardActionArea-root css-b6lsxj-MuiButtonBase-root-MuiCardActionArea-root"
        tabindex="0"
        type="button"
      >
        <div
          class="MuiCardContent-root flex justify-center css-46bh2p-MuiCardContent-root"
        >
          <svg
            aria-hidden="true"
            class="MuiSvgIcon-root MuiSvgIcon-fontSizeLarge css-tzssek-MuiSvgIcon-root"
            data-testid="ThunderstormIcon"
            focusable="false"
            viewBox="0 0 24 24"
          >
            <path
              d="M17.92 7.02C17.45 4.18 14.97 2 12 2 9.82 2 7.83 3.18 6.78 5.06 4.09 5.41 2 7.74 2 10.5 2 13.53 4.47 16 7.5 16h10c2.48 0 4.5-2.02 4.5-4.5 0-2.34-1.79-4.27-4.08-4.48zM14.8 17l-2.9 3.32 2 1L11.55 24h2.65l2.9-3.32-2-1L17.45 17zm-6 0-2.9 3.32 2 1L5.55 24H8.2l2.9-3.32-2-1L11.45 17z"
            />
          </svg>
        </div>
        <div
          class="MuiCardContent-root flex flex-col items-center css-46bh2p-MuiCardContent-root"
        >
          <div
            class="MuiTypography-root MuiTypography-h5 MuiTypography-gutterBottom css-h93ljk-MuiTypography-root"
          >
            2022-10-24
          </div>
          <div
            class="MuiTypography-root MuiTypography-h5 MuiTypography-gutterBottom css-h93ljk-MuiTypography-root"
          >
            Moderate rain
          </div>
          <p
            class="MuiTypography-root MuiTypography-body2 css-r40f8v-MuiTypography-root"
          >
            Min Temperature: 
            12.1
          </p>
          <p
            class="MuiTypography-root MuiTypography-body2 css-r40f8v-MuiTypography-root"
          >
            Max Temperature: 
            17.4
          </p>
        </div>
        <span
          class="MuiCardActionArea-focusHighlight css-1v2exvi-MuiCardActionArea-focusHighlight"
        />
        <span
          class="MuiTouchRipple-root css-8je8zh-MuiTouchRipple-root"
        />
      </button>
    </div>
    <div
      class="MuiPaper-root MuiPaper-elevation MuiPaper-rounded MuiPaper-elevation1 MuiCard-root grow css-1ri6ub7-MuiPaper-root-MuiCard-root"
    >
      <button
        class="MuiButtonBase-root MuiCardActionArea-root css-b6lsxj-MuiButtonBase-root-MuiCardActionArea-root"
        tabindex="0"
        type="button"
      >
        <div
          class="MuiCardContent-root flex justify-center css-46bh2p-MuiCardContent-root"
        >
          <svg
            aria-hidden="true"
            class="MuiSvgIcon-root MuiSvgIcon-fontSizeLarge css-tzssek-MuiSvgIcon-root"
            data-testid="WbSunnyIcon"
            focusable="false"
            viewBox="0 0 24 24"
          >
            <path
              d="m6.76 4.84-1.8-1.79-1.41 1.41 1.79 1.79 1.42-1.41zM4 10.5H1v2h3v-2zm9-9.95h-2V3.5h2V.55zm7.45 3.91-1.41-1.41-1.79 1.79 1.41 1.41 1.79-1.79zm-3.21 13.7 1.79 1.8 1.41-1.41-1.8-1.79-1.4 1.4zM20 10.5v2h3v-2h-3zm-8-5c-3.31 0-6 2.69-6 6s2.69 6 6 6 6-2.69 6-6-2.69-6-6-6zm-1 16.95h2V19.5h-2v2.95zm-7.45-3.91 1.41 1.41 1.79-1.8-1.41-1.41-1.79 1.8z"
            />
          </svg>
        </div>
        <div
          class="MuiCardContent-root flex flex-col items-center css-46bh2p-MuiCardContent-root"
        >
          <div
            class="MuiTypography-root MuiTypography-h5 MuiTypography-gutterBottom css-h93ljk-MuiTypography-root"
          >
            2022-10-25
          </div>
          <div
            class="MuiTypography-root MuiTypography-h5 MuiTypography-gutterBottom css-h93ljk-MuiTypography-root"
          >
            Moderate rain
          </div>
          <p
            class="MuiTypography-root MuiTypography-body2 css-r40f8v-MuiTypography-root"
          >
            Min Temperature: 
            12.1
          </p>
          <p
            class="MuiTypography-root MuiTypography-body2 css-r40f8v-MuiTypography-root"
          >
            Max Temperature: 
            12.4
          </p>
        </div>
        <span
          class="MuiCardActionArea-focusHighlight css-1v2exvi-MuiCardActionArea-focusHighlight"
        />
        <span
          class="MuiTouchRipple-root css-8je8zh-MuiTouchRipple-root"
        />
      </button>
    </div>
  </div>
</div>
`;
